../Core/Src/main.c:165:5:main	128	static
../Core/Src/main.c:537:6:SystemClock_Config	88	static
../Core/Src/main.c:584:13:MX_ADC1_Init	24	static
../Core/Src/main.c:667:13:MX_I2C1_Init	8	static
../Core/Src/main.c:701:13:MX_SPI1_Init	8	static
../Core/Src/main.c:739:13:MX_TIM1_Init	32	static
../Core/Src/main.c:785:13:MX_TIM2_Init	32	static
../Core/Src/main.c:828:13:MX_DMA_Init	16	static
../Core/Src/main.c:846:13:MX_GPIO_Init	40	static
../Core/Src/main.c:897:9:donusumFonksiyonu	24	static
../Core/Src/main.c:901:6:HAL_TIM_PeriodElapsedCallback	32	static
../Core/Src/main.c:1032:6:Error_Handler	4	static,ignoring_inline_asm
