Archive member included to satisfy reference by file (symbol)

C:/ST/STM32CubeIDE_1.19.0/STM32CubeIDE/plugins/com.st.stm32cube.ide.mcu.externaltools.gnu-tools-for-stm32.13.3.rel1.win32_1.0.0.202411081344/tools/bin/../lib/gcc/arm-none-eabi/13.3.1/../../../../arm-none-eabi/lib/thumb/v7-m/nofp\libc_nano.a(libc_a-exit.o)
                              C:/ST/STM32CubeIDE_1.19.0/STM32CubeIDE/plugins/com.st.stm32cube.ide.mcu.externaltools.gnu-tools-for-stm32.13.3.rel1.win32_1.0.0.202411081344/tools/bin/../lib/gcc/arm-none-eabi/13.3.1/../../../../arm-none-eabi/lib/thumb/v7-m/nofp/crt0.o (exit)
C:/ST/STM32CubeIDE_1.19.0/STM32CubeIDE/plugins/com.st.stm32cube.ide.mcu.externaltools.gnu-tools-for-stm32.13.3.rel1.win32_1.0.0.202411081344/tools/bin/../lib/gcc/arm-none-eabi/13.3.1/../../../../arm-none-eabi/lib/thumb/v7-m/nofp\libc_nano.a(libc_a-findfp.o)
                              C:/ST/STM32CubeIDE_1.19.0/STM32CubeIDE/plugins/com.st.stm32cube.ide.mcu.externaltools.gnu-tools-for-stm32.13.3.rel1.win32_1.0.0.202411081344/tools/bin/../lib/gcc/arm-none-eabi/13.3.1/../../../../arm-none-eabi/lib/thumb/v7-m/nofp\libc_nano.a(libc_a-exit.o) (__stdio_exit_handler)
C:/ST/STM32CubeIDE_1.19.0/STM32CubeIDE/plugins/com.st.stm32cube.ide.mcu.externaltools.gnu-tools-for-stm32.13.3.rel1.win32_1.0.0.202411081344/tools/bin/../lib/gcc/arm-none-eabi/13.3.1/../../../../arm-none-eabi/lib/thumb/v7-m/nofp\libc_nano.a(libc_a-fwalk.o)
                              C:/ST/STM32CubeIDE_1.19.0/STM32CubeIDE/plugins/com.st.stm32cube.ide.mcu.externaltools.gnu-tools-for-stm32.13.3.rel1.win32_1.0.0.202411081344/tools/bin/../lib/gcc/arm-none-eabi/13.3.1/../../../../arm-none-eabi/lib/thumb/v7-m/nofp\libc_nano.a(libc_a-findfp.o) (_fwalk_sglue)
C:/ST/STM32CubeIDE_1.19.0/STM32CubeIDE/plugins/com.st.stm32cube.ide.mcu.externaltools.gnu-tools-for-stm32.13.3.rel1.win32_1.0.0.202411081344/tools/bin/../lib/gcc/arm-none-eabi/13.3.1/../../../../arm-none-eabi/lib/thumb/v7-m/nofp\libc_nano.a(libc_a-stdio.o)
                              C:/ST/STM32CubeIDE_1.19.0/STM32CubeIDE/plugins/com.st.stm32cube.ide.mcu.externaltools.gnu-tools-for-stm32.13.3.rel1.win32_1.0.0.202411081344/tools/bin/../lib/gcc/arm-none-eabi/13.3.1/../../../../arm-none-eabi/lib/thumb/v7-m/nofp\libc_nano.a(libc_a-findfp.o) (__sread)
C:/ST/STM32CubeIDE_1.19.0/STM32CubeIDE/plugins/com.st.stm32cube.ide.mcu.externaltools.gnu-tools-for-stm32.13.3.rel1.win32_1.0.0.202411081344/tools/bin/../lib/gcc/arm-none-eabi/13.3.1/../../../../arm-none-eabi/lib/thumb/v7-m/nofp\libc_nano.a(libc_a-memset.o)
                              C:/ST/STM32CubeIDE_1.19.0/STM32CubeIDE/plugins/com.st.stm32cube.ide.mcu.externaltools.gnu-tools-for-stm32.13.3.rel1.win32_1.0.0.202411081344/tools/bin/../lib/gcc/arm-none-eabi/13.3.1/../../../../arm-none-eabi/lib/thumb/v7-m/nofp/crt0.o (memset)
C:/ST/STM32CubeIDE_1.19.0/STM32CubeIDE/plugins/com.st.stm32cube.ide.mcu.externaltools.gnu-tools-for-stm32.13.3.rel1.win32_1.0.0.202411081344/tools/bin/../lib/gcc/arm-none-eabi/13.3.1/../../../../arm-none-eabi/lib/thumb/v7-m/nofp\libc_nano.a(libc_a-closer.o)
                              C:/ST/STM32CubeIDE_1.19.0/STM32CubeIDE/plugins/com.st.stm32cube.ide.mcu.externaltools.gnu-tools-for-stm32.13.3.rel1.win32_1.0.0.202411081344/tools/bin/../lib/gcc/arm-none-eabi/13.3.1/../../../../arm-none-eabi/lib/thumb/v7-m/nofp\libc_nano.a(libc_a-stdio.o) (_close_r)
C:/ST/STM32CubeIDE_1.19.0/STM32CubeIDE/plugins/com.st.stm32cube.ide.mcu.externaltools.gnu-tools-for-stm32.13.3.rel1.win32_1.0.0.202411081344/tools/bin/../lib/gcc/arm-none-eabi/13.3.1/../../../../arm-none-eabi/lib/thumb/v7-m/nofp\libc_nano.a(libc_a-reent.o)
                              C:/ST/STM32CubeIDE_1.19.0/STM32CubeIDE/plugins/com.st.stm32cube.ide.mcu.externaltools.gnu-tools-for-stm32.13.3.rel1.win32_1.0.0.202411081344/tools/bin/../lib/gcc/arm-none-eabi/13.3.1/../../../../arm-none-eabi/lib/thumb/v7-m/nofp\libc_nano.a(libc_a-closer.o) (errno)
C:/ST/STM32CubeIDE_1.19.0/STM32CubeIDE/plugins/com.st.stm32cube.ide.mcu.externaltools.gnu-tools-for-stm32.13.3.rel1.win32_1.0.0.202411081344/tools/bin/../lib/gcc/arm-none-eabi/13.3.1/../../../../arm-none-eabi/lib/thumb/v7-m/nofp\libc_nano.a(libc_a-impure.o)
                              C:/ST/STM32CubeIDE_1.19.0/STM32CubeIDE/plugins/com.st.stm32cube.ide.mcu.externaltools.gnu-tools-for-stm32.13.3.rel1.win32_1.0.0.202411081344/tools/bin/../lib/gcc/arm-none-eabi/13.3.1/../../../../arm-none-eabi/lib/thumb/v7-m/nofp\libc_nano.a(libc_a-reent.o) (_impure_ptr)
C:/ST/STM32CubeIDE_1.19.0/STM32CubeIDE/plugins/com.st.stm32cube.ide.mcu.externaltools.gnu-tools-for-stm32.13.3.rel1.win32_1.0.0.202411081344/tools/bin/../lib/gcc/arm-none-eabi/13.3.1/../../../../arm-none-eabi/lib/thumb/v7-m/nofp\libc_nano.a(libc_a-lseekr.o)
[...]
Memory Configuration

Name             Origin             Length             Attributes
RAM              0x20000000         0x00005000         xrw
FLASH            0x08000000         0x00010000         xr
*default*        0x00000000         0xffffffff

Linker script and memory map

LOAD C:/ST/STM32CubeIDE_1.19.0/STM32CubeIDE/plugins/com.st.stm32cube.ide.mcu.externaltools.gnu-tools-for-stm32.13.3.rel1.win32_1.0.0.202411081344/tools/bin/../lib/gcc/arm-none-eabi/13.3.1/thumb/v7-m/nofp/crti.o
LOAD C:/ST/STM32CubeIDE_1.19.0/STM32CubeIDE/plugins/com.st.stm32cube.ide.mcu.externaltools.gnu-tools-for-stm32.13.3.rel1.win32_1.0.0.202411081344/tools/bin/../lib/gcc/arm-none-eabi/13.3.1/thumb/v7-m/nofp/crtbegin.o
LOAD C:/ST/STM32CubeIDE_1.19.0/STM32CubeIDE/plugins/com.st.stm32cube.ide.mcu.externaltools.gnu-tools-for-stm32.13.3.rel1.win32_1.0.0.202411081344/tools/bin/../lib/gcc/arm-none-eabi/13.3.1/../../../../arm-none-eabi/lib/thumb/v7-m/nofp/crt0.o
LOAD ./Core/Src/NRF24.o
LOAD ./Core/Src/main.o
LOAD ./Core/Src/stm32f1xx_hal_msp.o
LOAD ./Core/Src/stm32f1xx_it.o
LOAD ./Core/Src/syscalls.o
LOAD ./Core/Src/sysmem.o
LOAD ./Core/Src/system_stm32f1xx.o
LOAD ./Core/Startup/startup_stm32f103c8tx.o
LOAD ./Drivers/STM32F1xx_HAL_Driver/Src/stm32f1xx_hal.o
LOAD ./Drivers/STM32F1xx_HAL_Driver/Src/stm32f1xx_hal_adc.o
LOAD ./Drivers/STM32F1xx_HAL_Driver/Src/stm32f1xx_hal_adc_ex.o
LOAD ./Drivers/STM32F1xx_HAL_Driver/Src/stm32f1xx_hal_cortex.o
LOAD ./Drivers/STM32F1xx_HAL_Driver/Src/stm32f1xx_hal_dma.o
LOAD ./Drivers/STM32F1xx_HAL_Driver/Src/stm32f1xx_hal_exti.o
LOAD ./Drivers/STM32F1xx_HAL_Driver/Src/stm32f1xx_hal_flash.o
LOAD ./Drivers/STM32F1xx_HAL_Driver/Src/stm32f1xx_hal_flash_ex.o
LOAD ./Drivers/STM32F1xx_HAL_Driver/Src/stm32f1xx_hal_gpio.o
LOAD ./Drivers/STM32F1xx_HAL_Driver/Src/stm32f1xx_hal_gpio_ex.o
LOAD ./Drivers/STM32F1xx_HAL_Driver/Src/stm32f1xx_hal_iwdg.o
LOAD ./Drivers/STM32F1xx_HAL_Driver/Src/stm32f1xx_hal_pwr.o
LOAD ./Drivers/STM32F1xx_HAL_Driver/Src/stm32f1xx_hal_rcc.o
LOAD ./Drivers/STM32F1xx_HAL_Driver/Src/stm32f1xx_hal_rcc_ex.o
LOAD ./Drivers/STM32F1xx_HAL_Driver/Src/stm32f1xx_hal_spi.o
LOAD ./Drivers/STM32F1xx_HAL_Driver/Src/stm32f1xx_hal_tim.o
LOAD ./Drivers/STM32F1xx_HAL_Driver/Src/stm32f1xx_hal_tim_ex.o
START GROUP
LOAD C:/ST/STM32CubeIDE_1.19.0/STM32CubeIDE/plugins/com.st.stm32cube.ide.mcu.externaltools.gnu-tools-for-stm32.13.3.rel1.win32_1.0.0.202411081344/tools/bin/../lib/gcc/arm-none-eabi/13.3.1/../../../../arm-none-eabi/lib/thumb/v7-m/nofp\libc_nano.a
LOAD C:/ST/STM32CubeIDE_1.19.0/STM32CubeIDE/plugins/com.st.stm32cube.ide.mcu.externaltools.gnu-tools-for-stm32.13.3.rel1.win32_1.0.0.202411081344/tools/bin/../lib/gcc/arm-none-eabi/13.3.1/../../../../arm-none-eabi/lib/thumb/v7-m/nofp\libm.a
END GROUP
START GROUP
LOAD C:/ST/STM32CubeIDE_1.19.0/STM32CubeIDE/plugins/com.st.stm32cube.ide.mcu.externaltools.gnu-tools-for-stm32.13.3.rel1.win32_1.0.0.202411081344/tools/bin/../lib/gcc/arm-none-eabi/13.3.1/thumb/v7-m/nofp\libgcc.a
LOAD C:/ST/STM32CubeIDE_1.19.0/STM32CubeIDE/plugins/com.st.stm32cube.ide.mcu.externaltools.gnu-tools-for-stm32.13.3.rel1.win32_1.0.0.202411081344/tools/bin/../lib/gcc/arm-none-eabi/13.3.1/../../../../arm-none-eabi/lib/thumb/v7-m/nofp\libc_nano.a
END GROUP
START GROUP
LOAD C:/ST/STM32CubeIDE_1.19.0/STM32CubeIDE/plugins/com.st.stm32cube.ide.mcu.externaltools.gnu-tools-for-stm32.13.3.rel1.win32_1.0.0.202411081344/tools/bin/../lib/gcc/arm-none-eabi/13.3.1/thumb/v7-m/nofp\libgcc.a
LOAD C:/ST/STM32CubeIDE_1.19.0/STM32CubeIDE/plugins/com.st.stm32cube.ide.mcu.externaltools.gnu-tools-for-stm32.13.3.rel1.win32_1.0.0.202411081344/tools/bin/../lib/gcc/arm-none-eabi/13.3.1/../../../../arm-none-eabi/lib/thumb/v7-m/nofp\libc_nano.a
LOAD C:/ST/STM32CubeIDE_1.19.0/STM32CubeIDE/plugins/com.st.stm32cube.ide.mcu.externaltools.gnu-tools-for-stm32.13.3.rel1.win32_1.0.0.202411081344/tools/bin/../lib/gcc/arm-none-eabi/13.3.1/../../../../arm-none-eabi/lib/thumb/v7-m/nofp\libnosys.a
END GROUP
START GROUP
LOAD C:/ST/STM32CubeIDE_1.19.0/STM32CubeIDE/plugins/com.st.stm32cube.ide.mcu.externaltools.gnu-tools-for-stm32.13.3.rel1.win32_1.0.0.202411081344/tools/bin/../lib/gcc/arm-none-eabi/13.3.1/thumb/v7-m/nofp\libgcc.a
LOAD C:/ST/STM32CubeIDE_1.19.0/STM32CubeIDE/plugins/com.st.stm32cube.ide.mcu.externaltools.gnu-tools-for-stm32.13.3.rel1.win32_1.0.0.202411081344/tools/bin/../lib/gcc/arm-none-eabi/13.3.1/../../../../arm-none-eabi/lib/thumb/v7-m/nofp\libc_nano.a
LOAD C:/ST/STM32CubeIDE_1.19.0/STM32CubeIDE/plugins/com.st.stm32cube.ide.mcu.externaltools.gnu-tools-for-stm32.13.3.rel1.win32_1.0.0.202411081344/tools/bin/../lib/gcc/arm-none-eabi/13.3.1/../../../../arm-none-eabi/lib/thumb/v7-m/nofp\libnosys.a
END GROUP
LOAD C:/ST/STM32CubeIDE_1.19.0/STM32CubeIDE/plugins/com.st.stm32cube.ide.mcu.externaltools.gnu-tools-for-stm32.13.3.rel1.win32_1.0.0.202411081344/tools/bin/../lib/gcc/arm-none-eabi/13.3.1/thumb/v7-m/nofp/crtend.o
LOAD C:/ST/STM32CubeIDE_1.19.0/STM32CubeIDE/plugins/com.st.stm32cube.ide.mcu.externaltools.gnu-tools-for-stm32.13.3.rel1.win32_1.0.0.202411081344/tools/bin/../lib/gcc/arm-none-eabi/13.3.1/thumb/v7-m/nofp/crtn.o
                0x20005000                        _estack = (ORIGIN (RAM) + LENGTH (RAM))
                0x00000200                        _Min_Heap_Size = 0x200
                0x00000400                        _Min_Stack_Size = 0x400

.isr_vector     0x08000000      0x10c
                0x08000000                        . = ALIGN (0x4)
 *(.isr_vector)
 .isr_vector    0x08000000      0x10c ./Core/Startup/startup_stm32f103c8tx.o
                0x08000000                g_pfnVectors
                0x0800010c                        . = ALIGN (0x4)

.text           0x0800010c     0x46f8
                0x0800010c                        . = ALIGN (0x4)
 *(.text)
 .text          0x0800010c       0x40 C:/ST/STM32CubeIDE_1.19.0/STM32CubeIDE/plugins/com.st.stm32cube.ide.mcu.externaltools.gnu-tools-for-stm32.13.3.rel1.win32_1.0.0.202411081344/tools/bin/../lib/gcc/arm-none-eabi/13.3.1/thumb/v7-m/nofp/crtbegin.o
 *(.text*)
 .text.csn_high
                0x0800014c       0x18 ./Core/Src/NRF24.o
                0x0800014c                csn_high
 .text.csn_low  0x08000164       0x18 ./Core/Src/NRF24.o
                0x08000164                csn_low
 .text.ce_high  0x0800017c       0x18 ./Core/Src/NRF24.o
                0x0800017c                ce_high
 .text.nrf24_w_reg
                0x08000194       0x50 ./Core/Src/NRF24.o
                0x08000194                nrf24_w_reg
 .text.nrf24_r_reg
                0x080001e4       0x50 ./Core/Src/NRF24.o
                0x080001e4                nrf24_r_reg
 .text.nrf24_w_spec_cmd
                0x08000234       0x24 ./Core/Src/NRF24.o
                0x08000234                nrf24_w_spec_cmd
 .text.nrf24_pwr_up
                0x08000258       0x34 ./Core/Src/NRF24.o
                0x08000258                nrf24_pwr_up
 .text.nrf24_tx_pwr
                0x0800028c       0x4e ./Core/Src/NRF24.o
                0x0800028c                nrf24_tx_pwr
 .text.nrf24_data_rate
                0x080002da       0x5c ./Core/Src/NRF24.o
                0x080002da                nrf24_data_rate
 .text.nrf24_set_channel
                0x08000336       0x1e ./Core/Src/NRF24.o
                0x08000336                nrf24_set_channel
 .text.nrf24_pipe_pld_size
                0x08000354       0x9c ./Core/Src/NRF24.o
                0x08000354                nrf24_pipe_pld_size
 .text.nrf24_open_rx_pipe
                0x080003f0       0xdc ./Core/Src/NRF24.o
                0x080003f0                nrf24_open_rx_pipe
 .text.nrf24_set_crc
                0x080004cc       0x5c ./Core/Src/NRF24.o
                0x080004cc                nrf24_set_crc
 .text.nrf24_flush_tx
                0x08000528       0x16 ./Core/Src/NRF24.o
                0x08000528                nrf24_flush_tx
 .text.nrf24_flush_rx
                0x0800053e       0x16 ./Core/Src/NRF24.o
                0x0800053e                nrf24_flush_rx
 .text.nrf24_r_status
                0x08000554       0x38 ./Core/Src/NRF24.o
                0x08000554                nrf24_r_status
 .text.nrf24_clear_rx_dr
                0x0800058c       0x30 ./Core/Src/NRF24.o
                0x0800058c                nrf24_clear_rx_dr
 .text.nrf24_clear_tx_ds
                0x080005bc       0x30 ./Core/Src/NRF24.o
                0x080005bc                nrf24_clear_tx_ds
 .text.nrf24_clear_max_rt
                0x080005ec       0x30 ./Core/Src/NRF24.o
                0x080005ec                nrf24_clear_max_rt
 .text.nrf24_listen
                0x0800061c       0x38 ./Core/Src/NRF24.o
                0x0800061c                nrf24_listen
 .text.nrf24_auto_ack_all
                0x08000654       0x3c ./Core/Src/NRF24.o
                0x08000654                nrf24_auto_ack_all
 .text.nrf24_data_available
                0x08000690       0x2a ./Core/Src/NRF24.o
                0x08000690                nrf24_data_available
 *fill*         0x080006ba        0x2 
 .text.nrf24_receive
                0x080006bc       0x48 ./Core/Src/NRF24.o
                0x080006bc                nrf24_receive
 .text.nrf24_init
                0x08000704       0x34 ./Core/Src/NRF24.o
                0x08000704                nrf24_init
 .text.main     0x08000738      0x488 ./Core/Src/main.o
                0x08000738                main
 .text.SystemClock_Config
                0x08000bc0       0xba ./Core/Src/main.o
                0x08000bc0                SystemClock_Config
 *fill*         0x08000c7a        0x2 
 .text.MX_ADC1_Init
                0x08000c7c       0x7c ./Core/Src/main.o
 .text.MX_IWDG_Init
                0x08000cf8       0x34 ./Core/Src/main.o
 .text.MX_SPI1_Init
                0x08000d2c       0x6c ./Core/Src/main.o
 .text.MX_TIM1_Init
                0x08000d98      0x158 ./Core/Src/main.o
 .text.MX_TIM2_Init
                0x08000ef0      0x104 ./Core/Src/main.o
 .text.MX_TIM3_Init
                0x08000ff4       0x9c ./Core/Src/main.o
 .text.MX_TIM4_Init
                0x08001090       0x98 ./Core/Src/main.o
 .text.MX_GPIO_Init
                0x08001128      0x114 ./Core/Src/main.o
 .text.HAL_TIM_PeriodElapsedCallback
                0x0800123c      0x21c ./Core/Src/main.o
                0x0800123c                HAL_TIM_PeriodElapsedCallback
 .text.Error_Handler
                0x08001458        0xc ./Core/Src/main.o
                0x08001458                Error_Handler
 .text.HAL_MspInit
                0x08001464       0x64 ./Core/Src/stm32f1xx_hal_msp.o
                0x08001464                HAL_MspInit
 .text.HAL_ADC_MspInit
                0x080014c8       0x78 ./Core/Src/stm32f1xx_hal_msp.o
                0x080014c8                HAL_ADC_MspInit
 .text.HAL_SPI_MspInit
                0x08001540       0x94 ./Core/Src/stm32f1xx_hal_msp.o
                0x08001540                HAL_SPI_MspInit
 .text.HAL_TIM_Base_MspInit
                0x080015d4       0xc0 ./Core/Src/stm32f1xx_hal_msp.o
                0x080015d4                HAL_TIM_Base_MspInit
 .text.HAL_TIM_MspPostInit
                0x08001694       0xa4 ./Core/Src/stm32f1xx_hal_msp.o
                0x08001694                HAL_TIM_MspPostInit
 .text.NMI_Handler
                0x08001738        0x8 ./Core/Src/stm32f1xx_it.o
                0x08001738                NMI_Handler
 .text.HardFault_Handler
                0x08001740        0x8 ./Core/Src/stm32f1xx_it.o
                0x08001740                HardFault_Handler
 .text.MemManage_Handler
                0x08001748        0x8 ./Core/Src/stm32f1xx_it.o
                0x08001748                MemManage_Handler
 .text.BusFault_Handler
                0x08001750        0x8 ./Core/Src/stm32f1xx_it.o
                0x08001750                BusFault_Handler
 .text.UsageFault_Handler
                0x08001758        0x8 ./Core/Src/stm32f1xx_it.o
                0x08001758                UsageFault_Handler
 .text.SVC_Handler
                0x08001760        0xc ./Core/Src/stm32f1xx_it.o
                0x08001760                SVC_Handler
 .text.DebugMon_Handler
                0x0800176c        0xc ./Core/Src/stm32f1xx_it.o
                0x0800176c                DebugMon_Handler
 .text.PendSV_Handler
                0x08001778        0xc ./Core/Src/stm32f1xx_it.o
                0x08001778                PendSV_Handler
 .text.SysTick_Handler
                0x08001784        0xc ./Core/Src/stm32f1xx_it.o
                0x08001784                SysTick_Handler
 .text.TIM4_IRQHandler
                0x08001790       0x14 ./Core/Src/stm32f1xx_it.o
                0x08001790                TIM4_IRQHandler
 .text.SystemInit
                0x080017a4        0xc ./Core/Src/system_stm32f1xx.o
                0x080017a4                SystemInit
 .text.Reset_Handler
                0x080017b0       0x48 ./Core/Startup/startup_stm32f103c8tx.o
                0x080017b0                Reset_Handler
 .text.Default_Handler
                0x080017f8        0x2 ./Core/Startup/startup_stm32f103c8tx.o
                0x080017f8                RTC_Alarm_IRQHandler
                0x080017f8                EXTI2_IRQHandler
                0x080017f8                TIM1_CC_IRQHandler
                0x080017f8                PVD_IRQHandler
                0x080017f8                EXTI3_IRQHandler
                0x080017f8                EXTI0_IRQHandler
                0x080017f8                I2C2_EV_IRQHandler
                0x080017f8                ADC1_2_IRQHandler
                0x080017f8                SPI1_IRQHandler
                0x080017f8                TAMPER_IRQHandler
                0x080017f8                DMA1_Channel4_IRQHandler
                0x080017f8                USART3_IRQHandler
                0x080017f8                RTC_IRQHandler
                0x080017f8                DMA1_Channel7_IRQHandler
                0x080017f8                CAN1_RX1_IRQHandler
                0x080017f8                I2C1_EV_IRQHandler
                0x080017f8                DMA1_Channel6_IRQHandler
                0x080017f8                TIM3_IRQHandler
                0x080017f8                RCC_IRQHandler
                0x080017f8                TIM1_TRG_COM_IRQHandler
                0x080017f8                DMA1_Channel1_IRQHandler
                0x080017f8                Default_Handler
                0x080017f8                EXTI15_10_IRQHandler
                0x080017f8                EXTI9_5_IRQHandler
                0x080017f8                SPI2_IRQHandler
                0x080017f8                DMA1_Channel5_IRQHandler
                0x080017f8                EXTI4_IRQHandler
                0x080017f8                USB_LP_CAN1_RX0_IRQHandler
                0x080017f8                USB_HP_CAN1_TX_IRQHandler
                0x080017f8                DMA1_Channel3_IRQHandler
                0x080017f8                TIM1_UP_IRQHandler
                0x080017f8                WWDG_IRQHandler
                0x080017f8                TIM2_IRQHandler
                0x080017f8                TIM1_BRK_IRQHandler
                0x080017f8                EXTI1_IRQHandler
                0x080017f8                USART2_IRQHandler
                0x080017f8                I2C2_ER_IRQHandler
                0x080017f8                DMA1_Channel2_IRQHandler
                0x080017f8                CAN1_SCE_IRQHandler
                0x080017f8                FLASH_IRQHandler
                0x080017f8                USART1_IRQHandler
                0x080017f8                I2C1_ER_IRQHandler
                0x080017f8                USBWakeUp_IRQHandler
 *fill*         0x080017fa        0x2 
 .text.HAL_Init
                0x080017fc       0x2c ./Drivers/STM32F1xx_HAL_Driver/Src/stm32f1xx_hal.o
                0x080017fc                HAL_Init
 .text.HAL_InitTick
                0x08001828       0x60 ./Drivers/STM32F1xx_HAL_Driver/Src/stm32f1xx_hal.o
                0x08001828                HAL_InitTick
 .text.HAL_IncTick
                0x08001888       0x24 ./Drivers/STM32F1xx_HAL_Driver/Src/stm32f1xx_hal.o
                0x08001888                HAL_IncTick
 .text.HAL_GetTick
                0x080018ac       0x14 ./Drivers/STM32F1xx_HAL_Driver/Src/stm32f1xx_hal.o
                0x080018ac                HAL_GetTick
 .text.HAL_Delay
                0x080018c0       0x48 ./Drivers/STM32F1xx_HAL_Driver/Src/stm32f1xx_hal.o
                0x080018c0                HAL_Delay
 .text.HAL_ADC_Init
                0x08001908      0x1b0 ./Drivers/STM32F1xx_HAL_Driver/Src/stm32f1xx_hal_adc.o
                0x08001908                HAL_ADC_Init
 .text.HAL_ADC_ConfigChannel
                0x08001ab8      0x1f0 ./Drivers/STM32F1xx_HAL_Driver/Src/stm32f1xx_hal_adc.o
                0x08001ab8                HAL_ADC_ConfigChannel
 .text.ADC_ConversionStop_Disable
                0x08001ca8       0x82 ./Drivers/STM32F1xx_HAL_Driver/Src/stm32f1xx_hal_adc.o
                0x08001ca8                ADC_ConversionStop_Disable
 *fill*         0x08001d2a        0x2 
 .text.__NVIC_SetPriorityGrouping
                0x08001d2c       0x48 ./Drivers/STM32F1xx_HAL_Driver/Src/stm32f1xx_hal_cortex.o
 .text.__NVIC_GetPriorityGrouping
                0x08001d74       0x1c ./Drivers/STM32F1xx_HAL_Driver/Src/stm32f1xx_hal_cortex.o
 .text.__NVIC_EnableIRQ
                0x08001d90       0x38 ./Drivers/STM32F1xx_HAL_Driver/Src/stm32f1xx_hal_cortex.o
 .text.__NVIC_SetPriority
                0x08001dc8       0x54 ./Drivers/STM32F1xx_HAL_Driver/Src/stm32f1xx_hal_cortex.o
 .text.NVIC_EncodePriority
                0x08001e1c       0x64 ./Drivers/STM32F1xx_HAL_Driver/Src/stm32f1xx_hal_cortex.o
 .text.SysTick_Config
                0x08001e80       0x44 ./Drivers/STM32F1xx_HAL_Driver/Src/stm32f1xx_hal_cortex.o
 .text.HAL_NVIC_SetPriorityGrouping
                0x08001ec4       0x16 ./Drivers/STM32F1xx_HAL_Driver/Src/stm32f1xx_hal_cortex.o
                0x08001ec4                HAL_NVIC_SetPriorityGrouping
 .text.HAL_NVIC_SetPriority
                0x08001eda       0x38 ./Drivers/STM32F1xx_HAL_Driver/Src/stm32f1xx_hal_cortex.o
                0x08001eda                HAL_NVIC_SetPriority
 .text.HAL_NVIC_EnableIRQ
                0x08001f12       0x1c ./Drivers/STM32F1xx_HAL_Driver/Src/stm32f1xx_hal_cortex.o
                0x08001f12                HAL_NVIC_EnableIRQ
 .text.HAL_SYSTICK_Config
                0x08001f2e       0x18 ./Drivers/STM32F1xx_HAL_Driver/Src/stm32f1xx_hal_cortex.o
                0x08001f2e                HAL_SYSTICK_Config
 *fill*         0x08001f46        0x2 
 .text.HAL_GPIO_Init
                0x08001f48      0x308 ./Drivers/STM32F1xx_HAL_Driver/Src/stm32f1xx_hal_gpio.o
                0x08001f48                HAL_GPIO_Init
 .text.HAL_GPIO_WritePin
                0x08002250       0x30 ./Drivers/STM32F1xx_HAL_Driver/Src/stm32f1xx_hal_gpio.o
                0x08002250                HAL_GPIO_WritePin
 .text.HAL_GPIO_TogglePin
                0x08002280       0x32 ./Drivers/STM32F1xx_HAL_Driver/Src/stm32f1xx_hal_gpio.o
                0x08002280                HAL_GPIO_TogglePin
 .text.HAL_IWDG_Init
                0x080022b2       0x88 ./Drivers/STM32F1xx_HAL_Driver/Src/stm32f1xx_hal_iwdg.o
                0x080022b2                HAL_IWDG_Init
 .text.HAL_IWDG_Refresh
                0x0800233a       0x1e ./Drivers/STM32F1xx_HAL_Driver/Src/stm32f1xx_hal_iwdg.o
                0x0800233a                HAL_IWDG_Refresh
 .text.HAL_RCC_OscConfig
                0x08002358      0x504 ./Drivers/STM32F1xx_HAL_Driver/Src/stm32f1xx_hal_rcc.o
                0x08002358                HAL_RCC_OscConfig
 .text.HAL_RCC_ClockConfig
                0x0800285c      0x1d4 ./Drivers/STM32F1xx_HAL_Driver/Src/stm32f1xx_hal_rcc.o
                0x0800285c                HAL_RCC_ClockConfig
 .text.HAL_RCC_GetSysClockFreq
                0x08002a30       0xa8 ./Drivers/STM32F1xx_HAL_Driver/Src/stm32f1xx_hal_rcc.o
                0x08002a30                HAL_RCC_GetSysClockFreq
 .text.RCC_Delay
                0x08002ad8       0x3c ./Drivers/STM32F1xx_HAL_Driver/Src/stm32f1xx_hal_rcc.o
 .text.HAL_RCCEx_PeriphCLKConfig
                0x08002b14      0x16c ./Drivers/STM32F1xx_HAL_Driver/Src/stm32f1xx_hal_rcc_ex.o
                0x08002b14                HAL_RCCEx_PeriphCLKConfig
 .text.HAL_SPI_Init
                0x08002c80      0x108 ./Drivers/STM32F1xx_HAL_Driver/Src/stm32f1xx_hal_spi.o
                0x08002c80                HAL_SPI_Init
 .text.HAL_SPI_Transmit
                0x08002d88      0x288 ./Drivers/STM32F1xx_HAL_Driver/Src/stm32f1xx_hal_spi.o
                0x08002d88                HAL_SPI_Transmit
 .text.HAL_SPI_Receive
                0x08003010      0x232 ./Drivers/STM32F1xx_HAL_Driver/Src/stm32f1xx_hal_spi.o
                0x08003010                HAL_SPI_Receive
 .text.HAL_SPI_TransmitReceive
                0x08003242      0x352 ./Drivers/STM32F1xx_HAL_Driver/Src/stm32f1xx_hal_spi.o
                0x08003242                HAL_SPI_TransmitReceive
 .text.SPI_WaitFlagStateUntilTimeout
                0x08003594      0x110 ./Drivers/STM32F1xx_HAL_Driver/Src/stm32f1xx_hal_spi.o
 .text.SPI_EndRxTransaction
                0x080036a4       0xa4 ./Drivers/STM32F1xx_HAL_Driver/Src/stm32f1xx_hal_spi.o
 .text.SPI_EndRxTxTransaction
                0x08003748       0x62 ./Drivers/STM32F1xx_HAL_Driver/Src/stm32f1xx_hal_spi.o
 .text.HAL_TIM_Base_Init
                0x080037aa       0x9e ./Drivers/STM32F1xx_HAL_Driver/Src/stm32f1xx_hal_tim.o
                0x080037aa                HAL_TIM_Base_Init
 .text.HAL_TIM_Base_Start
                0x08003848       0x94 ./Drivers/STM32F1xx_HAL_Driver/Src/stm32f1xx_hal_tim.o
                0x08003848                HAL_TIM_Base_Start
 .text.HAL_TIM_Base_Start_IT
                0x080038dc       0xa4 ./Drivers/STM32F1xx_HAL_Driver/Src/stm32f1xx_hal_tim.o
                0x080038dc                HAL_TIM_Base_Start_IT
 .text.HAL_TIM_PWM_Init
                0x08003980       0x9e ./Drivers/STM32F1xx_HAL_Driver/Src/stm32f1xx_hal_tim.o
                0x08003980                HAL_TIM_PWM_Init
 .text.HAL_TIM_PWM_MspInit
                0x08003a1e       0x12 ./Drivers/STM32F1xx_HAL_Driver/Src/stm32f1xx_hal_tim.o
                0x08003a1e                HAL_TIM_PWM_MspInit
 .text.HAL_TIM_PWM_Start
                0x08003a30      0x144 ./Drivers/STM32F1xx_HAL_Driver/Src/stm32f1xx_hal_tim.o
                0x08003a30                HAL_TIM_PWM_Start
 .text.HAL_TIM_IRQHandler
                0x08003b74      0x1e0 ./Drivers/STM32F1xx_HAL_Driver/Src/stm32f1xx_hal_tim.o
                0x08003b74                HAL_TIM_IRQHandler
 .text.HAL_TIM_PWM_ConfigChannel
                0x08003d54      0x184 ./Drivers/STM32F1xx_HAL_Driver/Src/stm32f1xx_hal_tim.o
                0x08003d54                HAL_TIM_PWM_ConfigChannel
 .text.HAL_TIM_ConfigClockSource
                0x08003ed8      0x18e ./Drivers/STM32F1xx_HAL_Driver/Src/stm32f1xx_hal_tim.o
                0x08003ed8                HAL_TIM_ConfigClockSource
 .text.HAL_TIM_OC_DelayElapsedCallback
                0x08004066       0x12 ./Drivers/STM32F1xx_HAL_Driver/Src/stm32f1xx_hal_tim.o
                0x08004066                HAL_TIM_OC_DelayElapsedCallback
 .text.HAL_TIM_IC_CaptureCallback
                0x08004078       0x12 ./Drivers/STM32F1xx_HAL_Driver/Src/stm32f1xx_hal_tim.o
                0x08004078                HAL_TIM_IC_CaptureCallback
 .text.HAL_TIM_PWM_PulseFinishedCallback
                0x0800408a       0x12 ./Drivers/STM32F1xx_HAL_Driver/Src/stm32f1xx_hal_tim.o
                0x0800408a                HAL_TIM_PWM_PulseFinishedCallback
 .text.HAL_TIM_TriggerCallback
                0x0800409c       0x12 ./Drivers/STM32F1xx_HAL_Driver/Src/stm32f1xx_hal_tim.o
                0x0800409c                HAL_TIM_TriggerCallback
 *fill*         0x080040ae        0x2 
 .text.TIM_Base_SetConfig
                0x080040b0       0xdc ./Drivers/STM32F1xx_HAL_Driver/Src/stm32f1xx_hal_tim.o
                0x080040b0                TIM_Base_SetConfig
 .text.TIM_OC1_SetConfig
                0x0800418c       0xcc ./Drivers/STM32F1xx_HAL_Driver/Src/stm32f1xx_hal_tim.o
 .text.TIM_OC2_SetConfig
                0x08004258       0xd4 ./Drivers/STM32F1xx_HAL_Driver/Src/stm32f1xx_hal_tim.o
                0x08004258                TIM_OC2_SetConfig
 .text.TIM_OC3_SetConfig
                0x0800432c       0xd4 ./Drivers/STM32F1xx_HAL_Driver/Src/stm32f1xx_hal_tim.o
 .text.TIM_OC4_SetConfig
                0x08004400       0x9c ./Drivers/STM32F1xx_HAL_Driver/Src/stm32f1xx_hal_tim.o
 .text.TIM_TI1_ConfigInputStage
                0x0800449c       0x5c ./Drivers/STM32F1xx_HAL_Driver/Src/stm32f1xx_hal_tim.o
 .text.TIM_TI2_ConfigInputStage
                0x080044f8       0x5e ./Drivers/STM32F1xx_HAL_Driver/Src/stm32f1xx_hal_tim.o
 .text.TIM_ITRx_SetConfig
                0x08004556       0x34 ./Drivers/STM32F1xx_HAL_Driver/Src/stm32f1xx_hal_tim.o
 .text.TIM_ETR_SetConfig
                0x0800458a       0x3e ./Drivers/STM32F1xx_HAL_Driver/Src/stm32f1xx_hal_tim.o
                0x0800458a                TIM_ETR_SetConfig
 .text.TIM_CCxChannelCmd
                0x080045c8       0x48 ./Drivers/STM32F1xx_HAL_Driver/Src/stm32f1xx_hal_tim.o
                0x080045c8                TIM_CCxChannelCmd
 .text.HAL_TIMEx_MasterConfigSynchronization
                0x08004610       0xbc ./Drivers/STM32F1xx_HAL_Driver/Src/stm32f1xx_hal_tim_ex.o
                0x08004610                HAL_TIMEx_MasterConfigSynchronization
 .text.HAL_TIMEx_ConfigBreakDeadTime
                0x080046cc       0xa2 ./Drivers/STM32F1xx_HAL_Driver/Src/stm32f1xx_hal_tim_ex.o
                0x080046cc                HAL_TIMEx_ConfigBreakDeadTime
 .text.HAL_TIMEx_CommutCallback
                0x0800476e       0x12 ./Drivers/STM32F1xx_HAL_Driver/Src/stm32f1xx_hal_tim_ex.o
                0x0800476e                HAL_TIMEx_CommutCallback
 .text.HAL_TIMEx_BreakCallback
                0x08004780       0x12 ./Drivers/STM32F1xx_HAL_Driver/Src/stm32f1xx_hal_tim_ex.o
                0x08004780                HAL_TIMEx_BreakCallback
 .text.memset   0x08004792       0x10 C:/ST/STM32CubeIDE_1.19.0/STM32CubeIDE/plugins/com.st.stm32cube.ide.mcu.externaltools.gnu-tools-for-stm32.13.3.rel1.win32_1.0.0.202411081344/tools/bin/../lib/gcc/arm-none-eabi/13.3.1/../../../../arm-none-eabi/lib/thumb/v7-m/nofp\libc_nano.a(libc_a-memset.o)
                0x08004792                memset
 *fill*         0x080047a2        0x2 
 .text.__libc_init_array
                0x080047a4       0x48 C:/ST/STM32CubeIDE_1.19.0/STM32CubeIDE/plugins/com.st.stm32cube.ide.mcu.externaltools.gnu-tools-for-stm32.13.3.rel1.win32_1.0.0.202411081344/tools/bin/../lib/gcc/arm-none-eabi/13.3.1/../../../../arm-none-eabi/lib/thumb/v7-m/nofp\libc_nano.a(libc_a-init.o)
                0x080047a4                __libc_init_array
 *(.glue_7)
 .glue_7        0x080047ec        0x0 linker stubs
 *(.glue_7t)
 .glue_7t       0x080047ec        0x0 linker stubs
 *(.eh_frame)
 .eh_frame      0x080047ec        0x0 C:/ST/STM32CubeIDE_1.19.0/STM32CubeIDE/plugins/com.st.stm32cube.ide.mcu.externaltools.gnu-tools-for-stm32.13.3.rel1.win32_1.0.0.202411081344/tools/bin/../lib/gcc/arm-none-eabi/13.3.1/thumb/v7-m/nofp/crtbegin.o
 *(.init)
 .init          0x080047ec        0x4 C:/ST/STM32CubeIDE_1.19.0/STM32CubeIDE/plugins/com.st.stm32cube.ide.mcu.externaltools.gnu-tools-for-stm32.13.3.rel1.win32_1.0.0.202411081344/tools/bin/../lib/gcc/arm-none-eabi/13.3.1/thumb/v7-m/nofp/crti.o
                0x080047ec                _init
 .init          0x080047f0        0x8 C:/ST/STM32CubeIDE_1.19.0/STM32CubeIDE/plugins/com.st.stm32cube.ide.mcu.externaltools.gnu-tools-for-stm32.13.3.rel1.win32_1.0.0.202411081344/tools/bin/../lib/gcc/arm-none-eabi/13.3.1/thumb/v7-m/nofp/crtn.o
 *(.fini)
 .fini          0x080047f8        0x4 C:/ST/STM32CubeIDE_1.19.0/STM32CubeIDE/plugins/com.st.stm32cube.ide.mcu.externaltools.gnu-tools-for-stm32.13.3.rel1.win32_1.0.0.202411081344/tools/bin/../lib/gcc/arm-none-eabi/13.3.1/thumb/v7-m/nofp/crti.o
                0x080047f8                _fini
 .fini          0x080047fc        0x8 C:/ST/STM32CubeIDE_1.19.0/STM32CubeIDE/plugins/com.st.stm32cube.ide.mcu.externaltools.gnu-tools-for-stm32.13.3.rel1.win32_1.0.0.202411081344/tools/bin/../lib/gcc/arm-none-eabi/13.3.1/thumb/v7-m/nofp/crtn.o
                0x08004804                        . = ALIGN (0x4)
                0x08004804                        _etext = .

.vfp11_veneer   0x08004804        0x0
 .vfp11_veneer  0x08004804        0x0 linker stubs

.v4_bx          0x08004804        0x0
 .v4_bx         0x08004804        0x0 linker stubs

.iplt           0x08004804        0x0
 .iplt          0x08004804        0x0 C:/ST/STM32CubeIDE_1.19.0/STM32CubeIDE/plugins/com.st.stm32cube.ide.mcu.externaltools.gnu-tools-for-stm32.13.3.rel1.win32_1.0.0.202411081344/tools/bin/../lib/gcc/arm-none-eabi/13.3.1/thumb/v7-m/nofp/crtbegin.o

.rodata         0x08004804       0x24
                0x08004804                        . = ALIGN (0x4)
 *(.rodata)
 *(.rodata*)
 .rodata.AHBPrescTable
                0x08004804       0x10 ./Core/Src/system_stm32f1xx.o
                0x08004804                AHBPrescTable
 .rodata.aPLLMULFactorTable.1
                0x08004814       0x10 ./Drivers/STM32F1xx_HAL_Driver/Src/stm32f1xx_hal_rcc.o
 .rodata.aPredivFactorTable.0
                0x08004824        0x2 ./Drivers/STM32F1xx_HAL_Driver/Src/stm32f1xx_hal_rcc.o
                0x08004828                        . = ALIGN (0x4)
 *fill*         0x08004826        0x2 

.ARM.extab      0x08004828        0x0
                0x08004828                        . = ALIGN (0x4)
 *(.ARM.extab* .gnu.linkonce.armextab.*)
                0x08004828                        . = ALIGN (0x4)

.ARM            0x08004828        0x0
                0x08004828                        . = ALIGN (0x4)
                0x08004828                        __exidx_start = .
 *(.ARM.exidx*)
                0x08004828                        __exidx_end = .
                0x08004828                        . = ALIGN (0x4)

.preinit_array  0x08004828        0x0
                0x08004828                        . = ALIGN (0x4)
                0x08004828                        PROVIDE (__preinit_array_start = .)
 *(.preinit_array*)
                0x08004828                        PROVIDE (__preinit_array_end = .)
                0x08004828                        . = ALIGN (0x4)

.init_array     0x08004828        0x4
                0x08004828                        . = ALIGN (0x4)
                0x08004828                        PROVIDE (__init_array_start = .)
 *(SORT_BY_NAME(.init_array.*))
 *(.init_array*)
 .init_array    0x08004828        0x4 C:/ST/STM32CubeIDE_1.19.0/STM32CubeIDE/plugins/com.st.stm32cube.ide.mcu.externaltools.gnu-tools-for-stm32.13.3.rel1.win32_1.0.0.202411081344/tools/bin/../lib/gcc/arm-none-eabi/13.3.1/thumb/v7-m/nofp/crtbegin.o
                0x0800482c                        PROVIDE (__init_array_end = .)
                0x0800482c                        . = ALIGN (0x4)

.fini_array     0x0800482c        0x4
                0x0800482c                        . = ALIGN (0x4)
                [!provide]                        PROVIDE (__fini_array_start = .)
 *(SORT_BY_NAME(.fini_array.*))
 *(.fini_array*)
 .fini_array    0x0800482c        0x4 C:/ST/STM32CubeIDE_1.19.0/STM32CubeIDE/plugins/com.st.stm32cube.ide.mcu.externaltools.gnu-tools-for-stm32.13.3.rel1.win32_1.0.0.202411081344/tools/bin/../lib/gcc/arm-none-eabi/13.3.1/thumb/v7-m/nofp/crtbegin.o
                [!provide]                        PROVIDE (__fini_array_end = .)
                0x08004830                        . = ALIGN (0x4)
                0x08004830                        _sidata = LOADADDR (.data)

.rel.dyn        0x08004830        0x0
 .rel.iplt      0x08004830        0x0 C:/ST/STM32CubeIDE_1.19.0/STM32CubeIDE/plugins/com.st.stm32cube.ide.mcu.externaltools.gnu-tools-for-stm32.13.3.rel1.win32_1.0.0.202411081344/tools/bin/../lib/gcc/arm-none-eabi/13.3.1/thumb/v7-m/nofp/crtbegin.o

.data           0x20000000       0x1c load address 0x08004830
                0x20000000                        . = ALIGN (0x4)
                0x20000000                        _sdata = .
 *(.data)
 *(.data*)
 .data.RxAddress
                0x20000000        0x5 ./Core/Src/main.o
                0x20000000                RxAddress
 *fill*         0x20000005        0x3 
 .data.pwmOnHafiza
                0x20000008        0x4 ./Core/Src/main.o
                0x20000008                pwmOnHafiza
 .data.pwmArkaHafiza
                0x2000000c        0x4 ./Core/Src/main.o
                0x2000000c                pwmArkaHafiza
 .data.SystemCoreClock
                0x20000010        0x4 ./Core/Src/system_stm32f1xx.o
                0x20000010                SystemCoreClock
 .data.uwTickPrio
                0x20000014        0x4 ./Drivers/STM32F1xx_HAL_Driver/Src/stm32f1xx_hal.o
                0x20000014                uwTickPrio
 .data.uwTickFreq
                0x20000018        0x1 ./Drivers/STM32F1xx_HAL_Driver/Src/stm32f1xx_hal.o
                0x20000018                uwTickFreq
 *(.RamFunc)
 *(.RamFunc*)
                0x2000001c                        . = ALIGN (0x4)
 *fill*         0x20000019        0x3 
                0x2000001c                        _edata = .

.igot.plt       0x2000001c        0x0 load address 0x0800484c
 .igot.plt      0x2000001c        0x0 C:/ST/STM32CubeIDE_1.19.0/STM32CubeIDE/plugins/com.st.stm32cube.ide.mcu.externaltools.gnu-tools-for-stm32.13.3.rel1.win32_1.0.0.202411081344/tools/bin/../lib/gcc/arm-none-eabi/13.3.1/thumb/v7-m/nofp/crtbegin.o
                0x2000001c                        . = ALIGN (0x4)

.bss            0x2000001c      0x1fc load address 0x0800484c
                0x2000001c                        _sbss = .
                0x2000001c                        __bss_start__ = _sbss
 *(.bss)
 .bss           0x2000001c       0x1c C:/ST/STM32CubeIDE_1.19.0/STM32CubeIDE/plugins/com.st.stm32cube.ide.mcu.externaltools.gnu-tools-for-stm32.13.3.rel1.win32_1.0.0.202411081344/tools/bin/../lib/gcc/arm-none-eabi/13.3.1/thumb/v7-m/nofp/crtbegin.o
 *(.bss*)
 .bss.hadc1     0x20000038       0x30 ./Core/Src/main.o
                0x20000038                hadc1
 .bss.hiwdg     0x20000068        0xc ./Core/Src/main.o
                0x20000068                hiwdg
 .bss.hspi1     0x20000074       0x58 ./Core/Src/main.o
                0x20000074                hspi1
 .bss.htim1     0x200000cc       0x48 ./Core/Src/main.o
                0x200000cc                htim1
 .bss.htim2     0x20000114       0x48 ./Core/Src/main.o
                0x20000114                htim2
 .bss.htim3     0x2000015c       0x48 ./Core/Src/main.o
                0x2000015c                htim3
 .bss.htim4     0x200001a4       0x48 ./Core/Src/main.o
                0x200001a4                htim4
 .bss.gelenPaket
                0x200001ec       0x20 ./Core/Src/main.o
                0x200001ec                gelenPaket
 .bss.sonSinyalZamani
                0x2000020c        0x4 ./Core/Src/main.o
                0x2000020c                sonSinyalZamani
 .bss.pwmSayaci.0
                0x20000210        0x1 ./Core/Src/main.o
 *fill*         0x20000211        0x3 
 .bss.uwTick    0x20000214        0x4 ./Drivers/STM32F1xx_HAL_Driver/Src/stm32f1xx_hal.o
                0x20000214                uwTick
 *(COMMON)
                0x20000218                        . = ALIGN (0x4)
                0x20000218                        _ebss = .
                0x20000218                        __bss_end__ = _ebss

._user_heap_stack
                0x20000218      0x600 load address 0x0800484c
                0x20000218                        . = ALIGN (0x8)
                [!provide]                        PROVIDE (end = .)
                0x20000218                        PROVIDE (_end = .)
                0x20000418                        . = (. + _Min_Heap_Size)
 *fill*         0x20000218      0x200 
                0x20000818                        . = (. + _Min_Stack_Size)
 *fill*         0x20000418      0x400 
                0x20000818                        . = ALIGN (0x8)

/DISCARD/
 libc.a(*)
 libm.a(*)
 libgcc.a(*)

.ARM.attributes
                0x00000000       0x29
 *(.ARM.attributes)
 .ARM.attributes
                0x00000000       0x1d C:/ST/STM32CubeIDE_1.19.0/STM32CubeIDE/plugins/com.st.stm32cube.ide.mcu.externaltools.gnu-tools-for-stm32.13.3.rel1.win32_1.0.0.202411081344/tools/bin/../lib/gcc/arm-none-eabi/13.3.1/thumb/v7-m/nofp/crti.o
 .ARM.attributes
                0x0000001d       0x2d C:/ST/STM32CubeIDE_1.19.0/STM32CubeIDE/plugins/com.st.stm32cube.ide.mcu.externaltools.gnu-tools-for-stm32.13.3.rel1.win32_1.0.0.202411081344/tools/bin/../lib/gcc/arm-none-eabi/13.3.1/thumb/v7-m/nofp/crtbegin.o
 .ARM.attributes
                0x0000004a       0x2d ./Core/Src/NRF24.o
 .ARM.attributes
                0x00000077       0x2d ./Core/Src/main.o
 .ARM.attributes
                0x000000a4       0x2d ./Core/Src/stm32f1xx_hal_msp.o
 .ARM.attributes
                0x000000d1       0x2d ./Core/Src/stm32f1xx_it.o
 .ARM.attributes
                0x000000fe       0x2d ./Core/Src/system_stm32f1xx.o
 .ARM.attributes
                0x0000012b       0x21 ./Core/Startup/startup_stm32f103c8tx.o
 .ARM.attributes
                0x0000014c       0x2d ./Drivers/STM32F1xx_HAL_Driver/Src/stm32f1xx_hal.o
 .ARM.attributes
                0x00000179       0x2d ./Drivers/STM32F1xx_HAL_Driver/Src/stm32f1xx_hal_adc.o
 .ARM.attributes
                0x000001a6       0x2d ./Drivers/STM32F1xx_HAL_Driver/Src/stm32f1xx_hal_cortex.o
 .ARM.attributes
                0x000001d3       0x2d ./Drivers/STM32F1xx_HAL_Driver/Src/stm32f1xx_hal_gpio.o
 .ARM.attributes
                0x00000200       0x2d ./Drivers/STM32F1xx_HAL_Driver/Src/stm32f1xx_hal_iwdg.o
 .ARM.attributes
                0x0000022d       0x2d ./Drivers/STM32F1xx_HAL_Driver/Src/stm32f1xx_hal_rcc.o
 .ARM.attributes
                0x0000025a       0x2d ./Drivers/STM32F1xx_HAL_Driver/Src/stm32f1xx_hal_rcc_ex.o
 .ARM.attributes
                0x00000287       0x2d ./Drivers/STM32F1xx_HAL_Driver/Src/stm32f1xx_hal_spi.o
 .ARM.attributes
                0x000002b4       0x2d ./Drivers/STM32F1xx_HAL_Driver/Src/stm32f1xx_hal_tim.o
 .ARM.attributes
                0x000002e1       0x2d ./Drivers/STM32F1xx_HAL_Driver/Src/stm32f1xx_hal_tim_ex.o
 .ARM.attributes
                0x0000030e       0x2d C:/ST/STM32CubeIDE_1.19.0/STM32CubeIDE/plugins/com.st.stm32cube.ide.mcu.externaltools.gnu-tools-for-stm32.13.3.rel1.win32_1.0.0.202411081344/tools/bin/../lib/gcc/arm-none-eabi/13.3.1/../../../../arm-none-eabi/lib/thumb/v7-m/nofp\libc_nano.a(libc_a-memset.o)
 .ARM.attributes
                0x0000033b       0x2d C:/ST/STM32CubeIDE_1.19.0/STM32CubeIDE/plugins/com.st.stm32cube.ide.mcu.externaltools.gnu-tools-for-stm32.13.3.rel1.win32_1.0.0.202411081344/tools/bin/../lib/gcc/arm-none-eabi/13.3.1/../../../../arm-none-eabi/lib/thumb/v7-m/nofp\libc_nano.a(libc_a-init.o)
 .ARM.attributes
                0x00000368       0x1d C:/ST/STM32CubeIDE_1.19.0/STM32CubeIDE/plugins/com.st.stm32cube.ide.mcu.externaltools.gnu-tools-for-stm32.13.3.rel1.win32_1.0.0.202411081344/tools/bin/../lib/gcc/arm-none-eabi/13.3.1/thumb/v7-m/nofp/crtn.o
OUTPUT(ProjeAraba.elf elf32-littlearm)
LOAD linker stubs
LOAD C:/ST/STM32CubeIDE_1.19.0/STM32CubeIDE/plugins/com.st.stm32cube.ide.mcu.externaltools.gnu-tools-for-stm32.13.3.rel1.win32_1.0.0.202411081344/tools/bin/../lib/gcc/arm-none-eabi/13.3.1/../../../../arm-none-eabi/lib/thumb/v7-m/nofp\libc.a
LOAD C:/ST/STM32CubeIDE_1.19.0/STM32CubeIDE/plugins/com.st.stm32cube.ide.mcu.externaltools.gnu-tools-for-stm32.13.3.rel1.win32_1.0.0.202411081344/tools/bin/../lib/gcc/arm-none-eabi/13.3.1/../../../../arm-none-eabi/lib/thumb/v7-m/nofp\libm.a
LOAD C:/ST/STM32CubeIDE_1.19.0/STM32CubeIDE/plugins/com.st.stm32cube.ide.mcu.externaltools.gnu-tools-for-stm32.13.3.rel1.win32_1.0.0.202411081344/tools/bin/../lib/gcc/arm-none-eabi/13.3.1/thumb/v7-m/nofp\libgcc.a

.debug_info     0x00000000     0xca53
 .debug_info    0x00000000     0x1416 ./Core/Src/NRF24.o
 .debug_info    0x00001416     0x1976 ./Core/Src/main.o
 .debug_info    0x00002d8c     0x10bf ./Core/Src/stm32f1xx_hal_msp.o
 .debug_info    0x00003e4b      0x6a1 ./Core/Src/stm32f1xx_it.o
 .debug_info    0x000044ec      0x222 ./Core/Src/system_stm32f1xx.o
 .debug_info    0x0000470e       0x30 ./Core/Startup/startup_stm32f103c8tx.o
 .debug_info    0x0000473e      0x704 ./Drivers/STM32F1xx_HAL_Driver/Src/stm32f1xx_hal.o
 .debug_info    0x00004e42      0xc50 ./Drivers/STM32F1xx_HAL_Driver/Src/stm32f1xx_hal_adc.o
 .debug_info    0x00005a92      0xa87 ./Drivers/STM32F1xx_HAL_Driver/Src/stm32f1xx_hal_cortex.o
 .debug_info    0x00006519      0x5ab ./Drivers/STM32F1xx_HAL_Driver/Src/stm32f1xx_hal_gpio.o
 .debug_info    0x00006ac4      0x1d9 ./Drivers/STM32F1xx_HAL_Driver/Src/stm32f1xx_hal_iwdg.o
 .debug_info    0x00006c9d      0x7d5 ./Drivers/STM32F1xx_HAL_Driver/Src/stm32f1xx_hal_rcc.o
 .debug_info    0x00007472      0x3c0 ./Drivers/STM32F1xx_HAL_Driver/Src/stm32f1xx_hal_rcc_ex.o
 .debug_info    0x00007832     0x142d ./Drivers/STM32F1xx_HAL_Driver/Src/stm32f1xx_hal_spi.o
 .debug_info    0x00008c5f     0x2959 ./Drivers/STM32F1xx_HAL_Driver/Src/stm32f1xx_hal_tim.o
 .debug_info    0x0000b5b8     0x149b ./Drivers/STM32F1xx_HAL_Driver/Src/stm32f1xx_hal_tim_ex.o

.debug_abbrev   0x00000000     0x214e
 .debug_abbrev  0x00000000      0x370 ./Core/Src/NRF24.o
 .debug_abbrev  0x00000370      0x30a ./Core/Src/main.o
 .debug_abbrev  0x0000067a      0x21e ./Core/Src/stm32f1xx_hal_msp.o
 .debug_abbrev  0x00000898      0x191 ./Core/Src/stm32f1xx_it.o
 .debug_abbrev  0x00000a29      0x13f ./Core/Src/system_stm32f1xx.o
 .debug_abbrev  0x00000b68       0x24 ./Core/Startup/startup_stm32f103c8tx.o
 .debug_abbrev  0x00000b8c      0x201 ./Drivers/STM32F1xx_HAL_Driver/Src/stm32f1xx_hal.o
 .debug_abbrev  0x00000d8d      0x225 ./Drivers/STM32F1xx_HAL_Driver/Src/stm32f1xx_hal_adc.o
 .debug_abbrev  0x00000fb2      0x2f8 ./Drivers/STM32F1xx_HAL_Driver/Src/stm32f1xx_hal_cortex.o
 .debug_abbrev  0x000012aa      0x1ca ./Drivers/STM32F1xx_HAL_Driver/Src/stm32f1xx_hal_gpio.o
 .debug_abbrev  0x00001474      0x12c ./Drivers/STM32F1xx_HAL_Driver/Src/stm32f1xx_hal_iwdg.o
 .debug_abbrev  0x000015a0      0x2b3 ./Drivers/STM32F1xx_HAL_Driver/Src/stm32f1xx_hal_rcc.o
 .debug_abbrev  0x00001853      0x188 ./Drivers/STM32F1xx_HAL_Driver/Src/stm32f1xx_hal_rcc_ex.o
 .debug_abbrev  0x000019db      0x27a ./Drivers/STM32F1xx_HAL_Driver/Src/stm32f1xx_hal_spi.o
 .debug_abbrev  0x00001c55      0x277 ./Drivers/STM32F1xx_HAL_Driver/Src/stm32f1xx_hal_tim.o
 .debug_abbrev  0x00001ecc      0x282 ./Drivers/STM32F1xx_HAL_Driver/Src/stm32f1xx_hal_tim_ex.o

.debug_aranges  0x00000000      0xe58
 .debug_aranges
                0x00000000      0x1b8 ./Core/Src/NRF24.o
 .debug_aranges
                0x000001b8       0x78 ./Core/Src/main.o
 .debug_aranges
                0x00000230       0x58 ./Core/Src/stm32f1xx_hal_msp.o
 .debug_aranges
                0x00000288       0x68 ./Core/Src/stm32f1xx_it.o
 .debug_aranges
                0x000002f0       0x28 ./Core/Src/system_stm32f1xx.o
 .debug_aranges
                0x00000318       0x28 ./Core/Startup/startup_stm32f103c8tx.o
 .debug_aranges
                0x00000340       0xe0 ./Drivers/STM32F1xx_HAL_Driver/Src/stm32f1xx_hal.o
 .debug_aranges
                0x00000420       0xf0 ./Drivers/STM32F1xx_HAL_Driver/Src/stm32f1xx_hal_adc.o
 .debug_aranges
                0x00000510      0x100 ./Drivers/STM32F1xx_HAL_Driver/Src/stm32f1xx_hal_cortex.o
 .debug_aranges
                0x00000610       0x58 ./Drivers/STM32F1xx_HAL_Driver/Src/stm32f1xx_hal_gpio.o
 .debug_aranges
                0x00000668       0x28 ./Drivers/STM32F1xx_HAL_Driver/Src/stm32f1xx_hal_iwdg.o
 .debug_aranges
                0x00000690       0x90 ./Drivers/STM32F1xx_HAL_Driver/Src/stm32f1xx_hal_rcc.o
 .debug_aranges
                0x00000720       0x30 ./Drivers/STM32F1xx_HAL_Driver/Src/stm32f1xx_hal_rcc_ex.o
 .debug_aranges
                0x00000750      0x1d0 ./Drivers/STM32F1xx_HAL_Driver/Src/stm32f1xx_hal_spi.o
 .debug_aranges
                0x00000920      0x3d0 ./Drivers/STM32F1xx_HAL_Driver/Src/stm32f1xx_hal_tim.o
 .debug_aranges
                0x00000cf0      0x168 ./Drivers/STM32F1xx_HAL_Driver/Src/stm32f1xx_hal_tim_ex.o

.debug_rnglists
                0x00000000      0xb1e
 .debug_rnglists
                0x00000000      0x148 ./Core/Src/NRF24.o
 .debug_rnglists
                0x00000148       0x6c ./Core/Src/main.o
 .debug_rnglists
                0x000001b4       0x41 ./Core/Src/stm32f1xx_hal_msp.o
 .debug_rnglists
                0x000001f5       0x49 ./Core/Src/stm32f1xx_it.o
 .debug_rnglists
                0x0000023e       0x1a ./Core/Src/system_stm32f1xx.o
 .debug_rnglists
                0x00000258       0x19 ./Core/Startup/startup_stm32f103c8tx.o
 .debug_rnglists
                0x00000271       0xa3 ./Drivers/STM32F1xx_HAL_Driver/Src/stm32f1xx_hal.o
 .debug_rnglists
                0x00000314       0xbc ./Drivers/STM32F1xx_HAL_Driver/Src/stm32f1xx_hal_adc.o
 .debug_rnglists
                0x000003d0       0xbb ./Drivers/STM32F1xx_HAL_Driver/Src/stm32f1xx_hal_cortex.o
 .debug_rnglists
                0x0000048b       0x3f ./Drivers/STM32F1xx_HAL_Driver/Src/stm32f1xx_hal_gpio.o
 .debug_rnglists
                0x000004ca       0x1a ./Drivers/STM32F1xx_HAL_Driver/Src/stm32f1xx_hal_iwdg.o
 .debug_rnglists
                0x000004e4       0x6c ./Drivers/STM32F1xx_HAL_Driver/Src/stm32f1xx_hal_rcc.o
 .debug_rnglists
                0x00000550       0x21 ./Drivers/STM32F1xx_HAL_Driver/Src/stm32f1xx_hal_rcc_ex.o
 .debug_rnglists
                0x00000571      0x16e ./Drivers/STM32F1xx_HAL_Driver/Src/stm32f1xx_hal_spi.o
 .debug_rnglists
                0x000006df      0x31a ./Drivers/STM32F1xx_HAL_Driver/Src/stm32f1xx_hal_tim.o
 .debug_rnglists
                0x000009f9      0x125 ./Drivers/STM32F1xx_HAL_Driver/Src/stm32f1xx_hal_tim_ex.o

.debug_macro    0x00000000    0x18c49
 .debug_macro   0x00000000      0x2c2 ./Core/Src/NRF24.o
 .debug_macro   0x000002c2      0xacc ./Core/Src/NRF24.o
 .debug_macro   0x00000d8e       0x22 ./Core/Src/NRF24.o
 .debug_macro   0x00000db0       0x5b ./Core/Src/NRF24.o
 .debug_macro   0x00000e0b       0x24 ./Core/Src/NRF24.o
 .debug_macro   0x00000e2f       0x94 ./Core/Src/NRF24.o
 .debug_macro   0x00000ec3       0x43 ./Core/Src/NRF24.o
 .debug_macro   0x00000f06       0x34 ./Core/Src/NRF24.o
 .debug_macro   0x00000f3a       0x16 ./Core/Src/NRF24.o
 .debug_macro   0x00000f50       0x57 ./Core/Src/NRF24.o
 .debug_macro   0x00000fa7       0x9e ./Core/Src/NRF24.o
 .debug_macro   0x00001045      0x370 ./Core/Src/NRF24.o
 .debug_macro   0x000013b5      0x112 ./Core/Src/NRF24.o
 .debug_macro   0x000014c7       0x10 ./Core/Src/NRF24.o
 .debug_macro   0x000014d7       0x16 ./Core/Src/NRF24.o
 .debug_macro   0x000014ed       0x4a ./Core/Src/NRF24.o
 .debug_macro   0x00001537       0x34 ./Core/Src/NRF24.o
 .debug_macro   0x0000156b       0x10 ./Core/Src/NRF24.o
 .debug_macro   0x0000157b       0x58 ./Core/Src/NRF24.o
 .debug_macro   0x000015d3       0x8e ./Core/Src/NRF24.o
 .debug_macro   0x00001661       0x1c ./Core/Src/NRF24.o
 .debug_macro   0x0000167d      0x185 ./Core/Src/NRF24.o
 .debug_macro   0x00001802       0x16 ./Core/Src/NRF24.o
 .debug_macro   0x00001818       0x16 ./Core/Src/NRF24.o
 .debug_macro   0x0000182e      0x146 ./Core/Src/NRF24.o
 .debug_macro   0x00001974      0x227 ./Core/Src/NRF24.o
 .debug_macro   0x00001b9b       0x2e ./Core/Src/NRF24.o
 .debug_macro   0x00001bc9       0x22 ./Core/Src/NRF24.o
 .debug_macro   0x00001beb      0x103 ./Core/Src/NRF24.o
 .debug_macro   0x00001cee       0x6a ./Core/Src/NRF24.o
 .debug_macro   0x00001d58      0x1df ./Core/Src/NRF24.o
 .debug_macro   0x00001f37       0x1c ./Core/Src/NRF24.o
 .debug_macro   0x00001f53       0x22 ./Core/Src/NRF24.o
 .debug_macro   0x00001f75       0xbd ./Core/Src/NRF24.o
 .debug_macro   0x00002032      0xd23 ./Core/Src/NRF24.o
 .debug_macro   0x00002d55     0xe09e ./Core/Src/NRF24.o
 .debug_macro   0x00010df3       0x6d ./Core/Src/NRF24.o
 .debug_macro   0x00010e60     0x34a2 ./Core/Src/NRF24.o
 .debug_macro   0x00014302       0x56 ./Core/Src/NRF24.o
 .debug_macro   0x00014358      0x5bc ./Core/Src/NRF24.o
 .debug_macro   0x00014914      0x289 ./Core/Src/NRF24.o
 .debug_macro   0x00014b9d      0x1cb ./Core/Src/NRF24.o
 .debug_macro   0x00014d68      0x114 ./Core/Src/NRF24.o
 .debug_macro   0x00014e7c      0x1b2 ./Core/Src/NRF24.o
 .debug_macro   0x0001502e       0x27 ./Core/Src/NRF24.o
 .debug_macro   0x00015055      0x136 ./Core/Src/NRF24.o
 .debug_macro   0x0001518b      0x1bc ./Core/Src/NRF24.o
 .debug_macro   0x00015347       0x34 ./Core/Src/NRF24.o
 .debug_macro   0x0001537b       0x3c ./Core/Src/NRF24.o
 .debug_macro   0x000153b7       0x57 ./Core/Src/NRF24.o
 .debug_macro   0x0001540e      0x46a ./Core/Src/NRF24.o
 .debug_macro   0x00015878      0x1b5 ./Core/Src/NRF24.o
 .debug_macro   0x00015a2d       0x87 ./Core/Src/NRF24.o
 .debug_macro   0x00015ab4      0x240 ./Core/Src/NRF24.o
 .debug_macro   0x00015cf4       0x78 ./Core/Src/NRF24.o
 .debug_macro   0x00015d6c      0x140 ./Core/Src/NRF24.o
 .debug_macro   0x00015eac      0x217 ./Core/Src/NRF24.o
 .debug_macro   0x000160c3      0x8ed ./Core/Src/NRF24.o
 .debug_macro   0x000169b0       0x83 ./Core/Src/NRF24.o
 .debug_macro   0x00016a33       0xbe ./Core/Src/NRF24.o
 .debug_macro   0x00016af1       0x3a ./Core/Src/NRF24.o
 .debug_macro   0x00016b2b      0x232 ./Core/Src/NRF24.o
 .debug_macro   0x00016d5d      0x2af ./Core/Src/main.o
 .debug_macro   0x0001700c       0x8e ./Core/Src/main.o
 .debug_macro   0x0001709a       0x51 ./Core/Src/main.o
 .debug_macro   0x000170eb      0x190 ./Core/Src/main.o
 .debug_macro   0x0001727b       0x5c ./Core/Src/main.o
 .debug_macro   0x000172d7       0xb8 ./Core/Src/main.o
 .debug_macro   0x0001738f       0x61 ./Core/Src/main.o
 .debug_macro   0x000173f0       0x16 ./Core/Src/main.o
 .debug_macro   0x00017406       0x3c ./Core/Src/main.o
 .debug_macro   0x00017442       0x16 ./Core/Src/main.o
 .debug_macro   0x00017458       0x29 ./Core/Src/main.o
 .debug_macro   0x00017481      0x1d0 ./Core/Src/stm32f1xx_hal_msp.o
 .debug_macro   0x00017651      0x1da ./Core/Src/stm32f1xx_it.o
 .debug_macro   0x0001782b      0x1c1 ./Core/Src/system_stm32f1xx.o
 .debug_macro   0x000179ec      0x1e5 ./Drivers/STM32F1xx_HAL_Driver/Src/stm32f1xx_hal.o
 .debug_macro   0x00017bd1      0x1de ./Drivers/STM32F1xx_HAL_Driver/Src/stm32f1xx_hal_adc.o
 .debug_macro   0x00017daf      0x1c1 ./Drivers/STM32F1xx_HAL_Driver/Src/stm32f1xx_hal_cortex.o
 .debug_macro   0x00017f70      0x22c ./Drivers/STM32F1xx_HAL_Driver/Src/stm32f1xx_hal_gpio.o
 .debug_macro   0x0001819c      0x1cd ./Drivers/STM32F1xx_HAL_Driver/Src/stm32f1xx_hal_iwdg.o
 .debug_macro   0x00018369      0x1d3 ./Drivers/STM32F1xx_HAL_Driver/Src/stm32f1xx_hal_rcc.o
 .debug_macro   0x0001853c      0x1c1 ./Drivers/STM32F1xx_HAL_Driver/Src/stm32f1xx_hal_rcc_ex.o
 .debug_macro   0x000186fd      0x1c9 ./Drivers/STM32F1xx_HAL_Driver/Src/stm32f1xx_hal_spi.o
 .debug_macro   0x000188c6      0x1c2 ./Drivers/STM32F1xx_HAL_Driver/Src/stm32f1xx_hal_tim.o
 .debug_macro   0x00018a88      0x1c1 ./Drivers/STM32F1xx_HAL_Driver/Src/stm32f1xx_hal_tim_ex.o

.debug_line     0x00000000     0xf292
 .debug_line    0x00000000     0x106b ./Core/Src/NRF24.o
 .debug_line    0x0000106b      0xf11 ./Core/Src/main.o
 .debug_line    0x00001f7c      0x8c1 ./Core/Src/stm32f1xx_hal_msp.o
 .debug_line    0x0000283d      0x80b ./Core/Src/stm32f1xx_it.o
 .debug_line    0x00003048      0x7c3 ./Core/Src/system_stm32f1xx.o
 .debug_line    0x0000380b       0x78 ./Core/Startup/startup_stm32f103c8tx.o
 .debug_line    0x00003883      0x9f4 ./Drivers/STM32F1xx_HAL_Driver/Src/stm32f1xx_hal.o
 .debug_line    0x00004277     0x1019 ./Drivers/STM32F1xx_HAL_Driver/Src/stm32f1xx_hal_adc.o
 .debug_line    0x00005290      0xbbe ./Drivers/STM32F1xx_HAL_Driver/Src/stm32f1xx_hal_cortex.o
 .debug_line    0x00005e4e      0xa51 ./Drivers/STM32F1xx_HAL_Driver/Src/stm32f1xx_hal_gpio.o
 .debug_line    0x0000689f      0x7c3 ./Drivers/STM32F1xx_HAL_Driver/Src/stm32f1xx_hal_iwdg.o
 .debug_line    0x00007062      0xead ./Drivers/STM32F1xx_HAL_Driver/Src/stm32f1xx_hal_rcc.o
 .debug_line    0x00007f0f      0x95e ./Drivers/STM32F1xx_HAL_Driver/Src/stm32f1xx_hal_rcc_ex.o
 .debug_line    0x0000886d     0x1c8b ./Drivers/STM32F1xx_HAL_Driver/Src/stm32f1xx_hal_spi.o
 .debug_line    0x0000a4f8     0x34e2 ./Drivers/STM32F1xx_HAL_Driver/Src/stm32f1xx_hal_tim.o
 .debug_line    0x0000d9da     0x18b8 ./Drivers/STM32F1xx_HAL_Driver/Src/stm32f1xx_hal_tim_ex.o

.debug_str      0x00000000    0x8fa34
 .debug_str     0x00000000    0x8fa34 ./Core/Src/NRF24.o
                              0x8c9c8 (size before relaxing)
 .debug_str     0x0008fa34    0x8c9e9 ./Core/Src/main.o
 .debug_str     0x0008fa34    0x88d7c ./Core/Src/stm32f1xx_hal_msp.o
 .debug_str     0x0008fa34    0x8868c ./Core/Src/stm32f1xx_it.o
 .debug_str     0x0008fa34    0x87e69 ./Core/Src/system_stm32f1xx.o
 .debug_str     0x0008fa34       0x8a ./Core/Startup/startup_stm32f103c8tx.o
 .debug_str     0x0008fa34    0x8859c ./Drivers/STM32F1xx_HAL_Driver/Src/stm32f1xx_hal.o
 .debug_str     0x0008fa34    0x8854d ./Drivers/STM32F1xx_HAL_Driver/Src/stm32f1xx_hal_adc.o
 .debug_str     0x0008fa34    0x884e8 ./Drivers/STM32F1xx_HAL_Driver/Src/stm32f1xx_hal_cortex.o
 .debug_str     0x0008fa34    0x881ef ./Drivers/STM32F1xx_HAL_Driver/Src/stm32f1xx_hal_gpio.o
 .debug_str     0x0008fa34    0x87f34 ./Drivers/STM32F1xx_HAL_Driver/Src/stm32f1xx_hal_iwdg.o
 .debug_str     0x0008fa34    0x88298 ./Drivers/STM32F1xx_HAL_Driver/Src/stm32f1xx_hal_rcc.o
 .debug_str     0x0008fa34    0x87fe8 ./Drivers/STM32F1xx_HAL_Driver/Src/stm32f1xx_hal_rcc_ex.o
 .debug_str     0x0008fa34    0x8878f ./Drivers/STM32F1xx_HAL_Driver/Src/stm32f1xx_hal_spi.o
 .debug_str     0x0008fa34    0x8929a ./Drivers/STM32F1xx_HAL_Driver/Src/stm32f1xx_hal_tim.o
 .debug_str     0x0008fa34    0x88aa6 ./Drivers/STM32F1xx_HAL_Driver/Src/stm32f1xx_hal_tim_ex.o

.comment        0x00000000       0x43
 .comment       0x00000000       0x43 ./Core/Src/NRF24.o
                                 0x44 (size before relaxing)
 .comment       0x00000043       0x44 ./Core/Src/main.o
 .comment       0x00000043       0x44 ./Core/Src/stm32f1xx_hal_msp.o
 .comment       0x00000043       0x44 ./Core/Src/stm32f1xx_it.o
 .comment       0x00000043       0x44 ./Core/Src/system_stm32f1xx.o
 .comment       0x00000043       0x44 ./Drivers/STM32F1xx_HAL_Driver/Src/stm32f1xx_hal.o
 .comment       0x00000043       0x44 ./Drivers/STM32F1xx_HAL_Driver/Src/stm32f1xx_hal_adc.o
 .comment       0x00000043       0x44 ./Drivers/STM32F1xx_HAL_Driver/Src/stm32f1xx_hal_cortex.o
 .comment       0x00000043       0x44 ./Drivers/STM32F1xx_HAL_Driver/Src/stm32f1xx_hal_gpio.o
 .comment       0x00000043       0x44 ./Drivers/STM32F1xx_HAL_Driver/Src/stm32f1xx_hal_iwdg.o
 .comment       0x00000043       0x44 ./Drivers/STM32F1xx_HAL_Driver/Src/stm32f1xx_hal_rcc.o
 .comment       0x00000043       0x44 ./Drivers/STM32F1xx_HAL_Driver/Src/stm32f1xx_hal_rcc_ex.o
 .comment       0x00000043       0x44 ./Drivers/STM32F1xx_HAL_Driver/Src/stm32f1xx_hal_spi.o
 .comment       0x00000043       0x44 ./Drivers/STM32F1xx_HAL_Driver/Src/stm32f1xx_hal_tim.o
 .comment       0x00000043       0x44 ./Drivers/STM32F1xx_HAL_Driver/Src/stm32f1xx_hal_tim_ex.o

.debug_frame    0x00000000     0x3b78
 .debug_frame   0x00000000      0x724 ./Core/Src/NRF24.o
 .debug_frame   0x00000724      0x1a0 ./Core/Src/main.o
 .debug_frame   0x000008c4      0x134 ./Core/Src/stm32f1xx_hal_msp.o
 .debug_frame   0x000009f8      0x120 ./Core/Src/stm32f1xx_it.o
 .debug_frame   0x00000b18       0x58 ./Core/Src/system_stm32f1xx.o
 .debug_frame   0x00000b70      0x334 ./Drivers/STM32F1xx_HAL_Driver/Src/stm32f1xx_hal.o
 .debug_frame   0x00000ea4      0x40c ./Drivers/STM32F1xx_HAL_Driver/Src/stm32f1xx_hal_adc.o
 .debug_frame   0x000012b0      0x428 ./Drivers/STM32F1xx_HAL_Driver/Src/stm32f1xx_hal_cortex.o
 .debug_frame   0x000016d8      0x14c ./Drivers/STM32F1xx_HAL_Driver/Src/stm32f1xx_hal_gpio.o
 .debug_frame   0x00001824       0x5c ./Drivers/STM32F1xx_HAL_Driver/Src/stm32f1xx_hal_iwdg.o
 .debug_frame   0x00001880      0x218 ./Drivers/STM32F1xx_HAL_Driver/Src/stm32f1xx_hal_rcc.o
 .debug_frame   0x00001a98       0x80 ./Drivers/STM32F1xx_HAL_Driver/Src/stm32f1xx_hal_rcc_ex.o
 .debug_frame   0x00001b18      0x824 ./Drivers/STM32F1xx_HAL_Driver/Src/stm32f1xx_hal_spi.o
 .debug_frame   0x0000233c     0x11b8 ./Drivers/STM32F1xx_HAL_Driver/Src/stm32f1xx_hal_tim.o
 .debug_frame   0x000034f4      0x638 ./Drivers/STM32F1xx_HAL_Driver/Src/stm32f1xx_hal_tim_ex.o
 .debug_frame   0x00003b2c       0x20 C:/ST/STM32CubeIDE_1.19.0/STM32CubeIDE/plugins/com.st.stm32cube.ide.mcu.externaltools.gnu-tools-for-stm32.13.3.rel1.win32_1.0.0.202411081344/tools/bin/../lib/gcc/arm-none-eabi/13.3.1/../../../../arm-none-eabi/lib/thumb/v7-m/nofp\libc_nano.a(libc_a-memset.o)
 .debug_frame   0x00003b4c       0x2c C:/ST/STM32CubeIDE_1.19.0/STM32CubeIDE/plugins/com.st.stm32cube.ide.mcu.externaltools.gnu-tools-for-stm32.13.3.rel1.win32_1.0.0.202411081344/tools/bin/../lib/gcc/arm-none-eabi/13.3.1/../../../../arm-none-eabi/lib/thumb/v7-m/nofp\libc_nano.a(libc_a-init.o)

.debug_line_str
                0x00000000       0x6e
 .debug_line_str
                0x00000000       0x6e ./Core/Startup/startup_stm32f103c8tx.o
